
> network-marketing-platform-nextjs@0.0.0 build
> next build

  Γû▓ Next.js 14.2.35
  - Environments: .env.local

